\BOOKMARK [1][-]{section.1}{\376\377\000I\000n\000t\000r\000o\000d\000u\000c\000t\000i\000o\000n}{}% 1
\BOOKMARK [1][-]{section.2}{\376\377\000R\000e\000l\000a\000t\000e\000d\000\040\000W\000o\000r\000k}{}% 2
\BOOKMARK [1][-]{section.3}{\376\377\000D\000a\000t\000a}{}% 3
\BOOKMARK [1][-]{section.4}{\376\377\000M\000e\000t\000h\000o\000d\000s}{}% 4
\BOOKMARK [2][-]{subsection.4.1}{\376\377\000p\000a\000i\000r\000a\000d\000i\000g\000m\000\040\000a\000n\000d\000\040\000P\000a\000i\000r\000e\000d\000\040\000C\000o\000m\000p\000a\000r\000i\000s\000o\000n\000s}{section.4}% 5
\BOOKMARK [2][-]{subsection.4.2}{\376\377\000\050\000H\000i\000e\000r\000a\000r\000c\000h\000i\000c\000a\000l\000\051\000\040\000B\000r\000a\000d\000l\000e\000y\000-\000T\000e\000r\000r\000y\000\040\000M\000o\000d\000e\000l\000s}{section.4}% 6
\BOOKMARK [1][-]{section.5}{\376\377\000R\000e\000s\000u\000l\000t\000s}{}% 7
\BOOKMARK [2][-]{subsection.5.1}{\376\377\000R\000e\000c\000o\000v\000e\000r\000y\000\040\000o\000f\000\040\000R\000e\000s\000p\000o\000n\000d\000e\000n\000t\000-\000C\000a\000l\000i\000b\000r\000a\000t\000e\000d\000\040\000D\000i\000f\000f\000i\000c\000u\000l\000t\000y}{section.5}% 8
\BOOKMARK [2][-]{subsection.5.2}{\376\377\000C\000o\000n\000s\000i\000s\000t\000e\000n\000c\000y\000\040\000a\000n\000d\000\040\000I\000n\000t\000e\000r\000-\000M\000o\000d\000e\000l\000\040\000A\000g\000r\000e\000e\000m\000e\000n\000t}{section.5}% 9
\BOOKMARK [2][-]{subsection.5.3}{\376\377\000R\000a\000t\000e\000r\000\040\000E\000f\000f\000e\000c\000t\000s\000\040\000a\000n\000d\000\040\000M\000o\000d\000e\000l\000\040\000F\000i\000t}{section.5}% 10
\BOOKMARK [1][-]{section.6}{\376\377\000D\000i\000s\000c\000u\000s\000s\000i\000o\000n}{}% 11
\BOOKMARK [1][-]{section.7}{\376\377\000C\000o\000n\000c\000l\000u\000s\000i\000o\000n}{}% 12
\BOOKMARK [1][-]{appendix.A}{\376\377\000C\000G\000C\000o\000T\000\040\000P\000r\000o\000m\000p\000t\000s}{}% 13
\BOOKMARK [1][-]{appendix.B}{\376\377\000H\000i\000e\000r\000a\000r\000c\000h\000i\000c\000a\000l\000\040\000B\000r\000a\000d\000l\000e\000y\000-\000T\000e\000r\000r\000y\000\040\000M\000o\000d\000e\000l\000\040\000D\000e\000t\000a\000i\000l\000s}{}% 14
\BOOKMARK [2][-]{subsection.B.1}{\376\377\000I\000t\000e\000m\000\040\000D\000i\000f\000f\000i\000c\000u\000l\000t\000y}{appendix.B}% 15
\BOOKMARK [2][-]{subsection.B.2}{\376\377\000R\000a\000t\000e\000r\000\040\000P\000o\000s\000i\000t\000i\000o\000n\000\040\000B\000i\000a\000s}{appendix.B}% 16
\BOOKMARK [2][-]{subsection.B.3}{\376\377\000R\000a\000t\000e\000r\000\040\000D\000i\000s\000c\000r\000i\000m\000i\000n\000a\000t\000i\000o\000n}{appendix.B}% 17
\BOOKMARK [1][-]{appendix.C}{\376\377\000H\000B\000T\000\040\000M\000o\000d\000e\000l\000\040\000D\000i\000a\000g\000n\000o\000s\000t\000i\000c\000s}{}% 18
\BOOKMARK [1][-]{appendix.D}{\376\377\000S\000e\000n\000s\000i\000t\000i\000v\000i\000t\000y\000\040\000A\000n\000a\000l\000y\000s\000e\000s}{}% 19
\BOOKMARK [1][-]{appendix.E}{\376\377\000A\000d\000d\000i\000t\000i\000o\000n\000a\000l\000\040\000T\000a\000b\000l\000e\000s}{}% 20
